Archive member included to satisfy reference by file (symbol)

d:/mounriver/mounriver_studio2/resources/app/resources/win32/components/wch/toolchain/risc-v embedded gcc/bin/../lib/gcc/riscv-none-embed/8.2.0/../../../../riscv-none-embed/lib/rv32imacxw/ilp32\libm.a(lib_a-s_cos.o)
                              ./LCD/lcd.o (cos)
d:/mounriver/mounriver_studio2/resources/app/resources/win32/components/wch/toolchain/risc-v embedded gcc/bin/../lib/gcc/riscv-none-embed/8.2.0/../../../../riscv-none-embed/lib/rv32imacxw/ilp32\libm.a(lib_a-s_sin.o)
                              ./LCD/lcd.o (sin)
d:/mounriver/mounriver_studio2/resources/app/resources/win32/components/wch/toolchain/risc-v embedded gcc/bin/../lib/gcc/riscv-none-embed/8.2.0/../../../../riscv-none-embed/lib/rv32imacxw/ilp32\libm.a(lib_a-w_pow.o)
                              ./LCD/lcd.o (pow)
d:/mounriver/mounriver_studio2/resources/app/resources/win32/components/wch/toolchain/risc-v embedded gcc/bin/../lib/gcc/riscv-none-embed/8.2.0/../../../../riscv-none-embed/lib/rv32imacxw/ilp32\libm.a(lib_a-e_pow.o)
                              d:/mounriver/mounriver_studio2/resources/app/resources/win32/components/wch/toolchain/risc-v embedded gcc/bin/../lib/gcc/riscv-none-embed/8.2.0/../../../../riscv-none-embed/lib/rv32imacxw/ilp32\libm.a(lib_a-w_pow.o) (__ieee754_pow)
d:/mounriver/mounriver_studio2/resources/app/resources/win32/components/wch/toolchain/risc-v embedded gcc/bin/../lib/gcc/riscv-none-embed/8.2.0/../../../../riscv-none-embed/lib/rv32imacxw/ilp32\libm.a(lib_a-e_rem_pio2.o)
                              d:/mounriver/mounriver_studio2/resources/app/resources/win32/components/wch/toolchain/risc-v embedded gcc/bin/../lib/gcc/riscv-none-embed/8.2.0/../../../../riscv-none-embed/lib/rv32imacxw/ilp32\libm.a(lib_a-s_cos.o) (__ieee754_rem_pio2)
d:/mounriver/mounriver_studio2/resources/app/resources/win32/components/wch/toolchain/risc-v embedded gcc/bin/../lib/gcc/riscv-none-embed/8.2.0/../../../../riscv-none-embed/lib/rv32imacxw/ilp32\libm.a(lib_a-e_sqrt.o)
                              d:/mounriver/mounriver_studio2/resources/app/resources/win32/components/wch/toolchain/risc-v embedded gcc/bin/../lib/gcc/riscv-none-embed/8.2.0/../../../../riscv-none-embed/lib/rv32imacxw/ilp32\libm.a(lib_a-e_pow.o) (__ieee754_sqrt)
d:/mounriver/mounriver_studio2/resources/app/resources/win32/components/wch/toolchain/risc-v embedded gcc/bin/../lib/gcc/riscv-none-embed/8.2.0/../../../../riscv-none-embed/lib/rv32imacxw/ilp32\libm.a(lib_a-k_cos.o)
                              d:/mounriver/mounriver_studio2/resources/app/resources/win32/components/wch/toolchain/risc-v embedded gcc/bin/../lib/gcc/riscv-none-embed/8.2.0/../../../../riscv-none-embed/lib/rv32imacxw/ilp32\libm.a(lib_a-s_cos.o) (__kernel_cos)
d:/mounriver/mounriver_studio2/resources/app/resources/win32/components/wch/toolchain/risc-v embedded gcc/bin/../lib/gcc/riscv-none-embed/8.2.0/../../../../riscv-none-embed/lib/rv32imacxw/ilp32\libm.a(lib_a-k_rem_pio2.o)
                              d:/mounriver/mounriver_studio2/resources/app/resources/win32/components/wch/toolchain/risc-v embedded gcc/bin/../lib/gcc/riscv-none-embed/8.2.0/../../../../riscv-none-embed/lib/rv32imacxw/ilp32\libm.a(lib_a-e_rem_pio2.o) (__kernel_rem_pio2)
d:/mounriver/mounriver_studio2/resources/app/resources/win32/components/wch/toolchain/risc-v embedded gcc/bin/../lib/gcc/riscv-none-embed/8.2.0/../../../../riscv-none-embed/lib/rv32imacxw/ilp32\libm.a(lib_a-k_sin.o)
                              d:/mounriver/mounriver_studio2/resources/app/resources/win32/components/wch/toolchain/risc-v embedded gcc/bin/../lib/gcc/riscv-none-embed/8.2.0/../../../../riscv-none-embed/lib/rv32imacxw/ilp32\libm.a(lib_a-s_cos.o) (__kernel_sin)
d:/mounriver/mounriver_studio2/resources/app/resources/win32/components/wch/toolchain/risc-v embedded gcc/bin/../lib/gcc/riscv-none-embed/8.2.0/../../../../riscv-none-embed/lib/rv32imacxw/ilp32\libm.a(lib_a-s_fabs.o)
                              d:/mounriver/mounriver_studio2/resources/app/resources/win32/components/wch/toolchain/risc-v embedded gcc/bin/../lib/gcc/riscv-none-embed/8.2.0/../../../../riscv-none-embed/lib/rv32imacxw/ilp32\libm.a(lib_a-e_pow.o) (fabs)
d:/mounriver/mounriver_studio2/resources/app/resources/win32/components/wch/toolchain/risc-v embedded gcc/bin/../lib/gcc/riscv-none-embed/8.2.0/../../../../riscv-none-embed/lib/rv32imacxw/ilp32\libm.a(lib_a-s_finite.o)
                              d:/mounriver/mounriver_studio2/resources/app/resources/win32/components/wch/toolchain/risc-v embedded gcc/bin/../lib/gcc/riscv-none-embed/8.2.0/../../../../riscv-none-embed/lib/rv32imacxw/ilp32\libm.a(lib_a-w_pow.o) (finite)
d:/mounriver/mounriver_studio2/resources/app/resources/win32/components/wch/toolchain/risc-v embedded gcc/bin/../lib/gcc/riscv-none-embed/8.2.0/../../../../riscv-none-embed/lib/rv32imacxw/ilp32\libm.a(lib_a-s_floor.o)
[...]
Memory Configuration

Name             Origin             Length             Attributes
FLASH            0x0000000000000000 0x0000000000010000 xr
RAM              0x0000000020000000 0x0000000000005000 xrw
*default*        0x0000000000000000 0xffffffffffffffff

Linker script and memory map

LOAD ./User/ch32v20x_it.o
LOAD ./User/main.o
LOAD ./User/system_ch32v20x.o
LOAD ./Startup/startup_ch32v20x_D6.o
LOAD ./Peripheral/src/ch32v20x_adc.o
LOAD ./Peripheral/src/ch32v20x_bkp.o
LOAD ./Peripheral/src/ch32v20x_can.o
LOAD ./Peripheral/src/ch32v20x_crc.o
LOAD ./Peripheral/src/ch32v20x_dbgmcu.o
LOAD ./Peripheral/src/ch32v20x_dma.o
LOAD ./Peripheral/src/ch32v20x_exti.o
LOAD ./Peripheral/src/ch32v20x_flash.o
LOAD ./Peripheral/src/ch32v20x_gpio.o
LOAD ./Peripheral/src/ch32v20x_i2c.o
LOAD ./Peripheral/src/ch32v20x_iwdg.o
LOAD ./Peripheral/src/ch32v20x_misc.o
LOAD ./Peripheral/src/ch32v20x_opa.o
LOAD ./Peripheral/src/ch32v20x_pwr.o
LOAD ./Peripheral/src/ch32v20x_rcc.o
LOAD ./Peripheral/src/ch32v20x_rtc.o
LOAD ./Peripheral/src/ch32v20x_spi.o
LOAD ./Peripheral/src/ch32v20x_tim.o
LOAD ./Peripheral/src/ch32v20x_usart.o
LOAD ./Peripheral/src/ch32v20x_wwdg.o
LOAD ./LCD/flash.o
LOAD ./LCD/lcd.o
LOAD ./LCD/spi.o
LOAD ./Debug/debug.o
LOAD ./Core/core_riscv.o
LOAD d:/mounriver/mounriver_studio2/resources/app/resources/win32/components/wch/toolchain/risc-v embedded gcc/bin/../lib/gcc/riscv-none-embed/8.2.0/../../../../riscv-none-embed/lib/rv32imacxw/ilp32\libm.a
LOAD d:/mounriver/mounriver_studio2/resources/app/resources/win32/components/wch/toolchain/risc-v embedded gcc/bin/../lib/gcc/riscv-none-embed/8.2.0/rv32imacxw/ilp32\libgcc.a
LOAD d:/mounriver/mounriver_studio2/resources/app/resources/win32/components/wch/toolchain/risc-v embedded gcc/bin/../lib/gcc/riscv-none-embed/8.2.0/../../../../riscv-none-embed/lib/rv32imacxw/ilp32\libg_nano.a
LOAD d:/mounriver/mounriver_studio2/resources/app/resources/win32/components/wch/toolchain/risc-v embedded gcc/bin/../lib/gcc/riscv-none-embed/8.2.0/../../../../riscv-none-embed/lib/rv32imacxw/ilp32\libc_nano.a
LOAD d:/mounriver/mounriver_studio2/resources/app/resources/win32/components/wch/toolchain/risc-v embedded gcc/bin/../lib/gcc/riscv-none-embed/8.2.0/rv32imacxw/ilp32\libgcc.a
START GROUP
LOAD d:/mounriver/mounriver_studio2/resources/app/resources/win32/components/wch/toolchain/risc-v embedded gcc/bin/../lib/gcc/riscv-none-embed/8.2.0/rv32imacxw/ilp32\libgcc.a
LOAD d:/mounriver/mounriver_studio2/resources/app/resources/win32/components/wch/toolchain/risc-v embedded gcc/bin/../lib/gcc/riscv-none-embed/8.2.0/../../../../riscv-none-embed/lib/rv32imacxw/ilp32\libc_nano.a
LOAD d:/mounriver/mounriver_studio2/resources/app/resources/win32/components/wch/toolchain/risc-v embedded gcc/bin/../lib/gcc/riscv-none-embed/8.2.0/../../../../riscv-none-embed/lib/rv32imacxw/ilp32\libnosys.a
END GROUP
START GROUP
LOAD d:/mounriver/mounriver_studio2/resources/app/resources/win32/components/wch/toolchain/risc-v embedded gcc/bin/../lib/gcc/riscv-none-embed/8.2.0/rv32imacxw/ilp32\libgcc.a
LOAD d:/mounriver/mounriver_studio2/resources/app/resources/win32/components/wch/toolchain/risc-v embedded gcc/bin/../lib/gcc/riscv-none-embed/8.2.0/../../../../riscv-none-embed/lib/rv32imacxw/ilp32\libc_nano.a
LOAD d:/mounriver/mounriver_studio2/resources/app/resources/win32/components/wch/toolchain/risc-v embedded gcc/bin/../lib/gcc/riscv-none-embed/8.2.0/../../../../riscv-none-embed/lib/rv32imacxw/ilp32\libnosys.a
END GROUP
                0x0000000000000800                __stack_size = 0x800
                [!provide]                        PROVIDE (_stack_size = __stack_size)

.init           0x0000000000000000        0x4
                0x0000000000000000                _sinit = .
                0x0000000000000000                . = ALIGN (0x4)
 *(SORT_NONE(.init))
 .init          0x0000000000000000        0x4 ./Startup/startup_ch32v20x_D6.o
                0x0000000000000000                _start
                0x0000000000000004                . = ALIGN (0x4)
                0x0000000000000004                _einit = .

.vector         0x0000000000000004       0xfc
 *(.vector)
 .vector        0x0000000000000004       0xfc ./Startup/startup_ch32v20x_D6.o
                0x0000000000000100                . = ALIGN (0x40)

.text           0x0000000000000100     0x3d74
                0x0000000000000100                . = ALIGN (0x4)
 *(.text)
 .text          0x0000000000000100       0x60 d:/mounriver/mounriver_studio2/resources/app/resources/win32/components/wch/toolchain/risc-v embedded gcc/bin/../lib/gcc/riscv-none-embed/8.2.0/rv32imacxw/ilp32\libgcc.a(save-restore.o)
                0x0000000000000100                __riscv_save_12
                0x0000000000000108                __riscv_save_9
                0x0000000000000108                __riscv_save_11
                0x0000000000000108                __riscv_save_10
                0x0000000000000108                __riscv_save_8
                0x0000000000000116                __riscv_save_4
                0x0000000000000116                __riscv_save_6
                0x0000000000000116                __riscv_save_5
                0x0000000000000116                __riscv_save_7
                0x0000000000000130                __riscv_save_3
                0x0000000000000130                __riscv_save_2
                0x0000000000000130                __riscv_save_1
                0x0000000000000130                __riscv_save_0
                0x000000000000013c                __riscv_restore_12
                0x0000000000000140                __riscv_restore_11
                0x0000000000000140                __riscv_restore_9
                0x0000000000000140                __riscv_restore_10
                0x0000000000000140                __riscv_restore_8
                0x000000000000014a                __riscv_restore_5
                0x000000000000014a                __riscv_restore_7
                0x000000000000014a                __riscv_restore_6
                0x000000000000014a                __riscv_restore_4
                0x0000000000000154                __riscv_restore_3
                0x0000000000000154                __riscv_restore_0
                0x0000000000000154                __riscv_restore_2
                0x0000000000000154                __riscv_restore_1
 .text          0x0000000000000160       0xa8 d:/mounriver/mounriver_studio2/resources/app/resources/win32/components/wch/toolchain/risc-v embedded gcc/bin/../lib/gcc/riscv-none-embed/8.2.0/../../../../riscv-none-embed/lib/rv32imacxw/ilp32\libg_nano.a(lib_a-memset.o)
                0x0000000000000160                memset
 *(.text.*)
 .text.NMI_Handler
                0x0000000000000208        0x2 ./User/ch32v20x_it.o
                0x0000000000000208                NMI_Handler
 .text.HardFault_Handler
                0x000000000000020a       0x10 ./User/ch32v20x_it.o
                0x000000000000020a                HardFault_Handler
 .text.startup.main
                0x000000000000021a       0x3a ./User/main.o
                0x000000000000021a                main
 .text.SystemInit
                0x0000000000000254       0xea ./User/system_ch32v20x.o
                0x0000000000000254                SystemInit
 .text.SystemCoreClockUpdate
                0x000000000000033e       0x92 ./User/system_ch32v20x.o
                0x000000000000033e                SystemCoreClockUpdate
 .text.vector_handler
                0x00000000000003d0        0x2 ./Startup/startup_ch32v20x_D6.o
                0x00000000000003d0                EXTI2_IRQHandler
                0x00000000000003d0                TIM1_CC_IRQHandler
                0x00000000000003d0                SysTick_Handler
                0x00000000000003d0                PVD_IRQHandler
                0x00000000000003d0                EXTI3_IRQHandler
                0x00000000000003d0                USBFS_IRQHandler
                0x00000000000003d0                EXTI0_IRQHandler
                0x00000000000003d0                I2C2_EV_IRQHandler
                0x00000000000003d0                ADC1_2_IRQHandler
                0x00000000000003d0                Break_Point_Handler
                0x00000000000003d0                SPI1_IRQHandler
                0x00000000000003d0                TAMPER_IRQHandler
                0x00000000000003d0                Ecall_M_Mode_Handler
                0x00000000000003d0                DMA1_Channel4_IRQHandler
                0x00000000000003d0                USART3_IRQHandler
                0x00000000000003d0                RTC_IRQHandler
                0x00000000000003d0                DMA1_Channel7_IRQHandler
                0x00000000000003d0                CAN1_RX1_IRQHandler
                0x00000000000003d0                TIM4_IRQHandler
                0x00000000000003d0                I2C1_EV_IRQHandler
                0x00000000000003d0                DMA1_Channel6_IRQHandler
                0x00000000000003d0                UART4_IRQHandler
                0x00000000000003d0                TIM3_IRQHandler
                0x00000000000003d0                RCC_IRQHandler
                0x00000000000003d0                TIM1_TRG_COM_IRQHandler
                0x00000000000003d0                DMA1_Channel1_IRQHandler
                0x00000000000003d0                EXTI15_10_IRQHandler
                0x00000000000003d0                DMA1_Channel8_IRQHandler
                0x00000000000003d0                EXTI9_5_IRQHandler
                0x00000000000003d0                SPI2_IRQHandler
                0x00000000000003d0                DMA1_Channel5_IRQHandler
                0x00000000000003d0                EXTI4_IRQHandler
                0x00000000000003d0                USB_LP_CAN1_RX0_IRQHandler
                0x00000000000003d0                USB_HP_CAN1_TX_IRQHandler
                0x00000000000003d0                DMA1_Channel3_IRQHandler
                0x00000000000003d0                TIM1_UP_IRQHandler
                0x00000000000003d0                WWDG_IRQHandler
                0x00000000000003d0                Ecall_U_Mode_Handler
                0x00000000000003d0                TIM2_IRQHandler
                0x00000000000003d0                SW_Handler
                0x00000000000003d0                TIM1_BRK_IRQHandler
                0x00000000000003d0                EXTI1_IRQHandler
                0x00000000000003d0                RTCAlarm_IRQHandler
                0x00000000000003d0                USART2_IRQHandler
                0x00000000000003d0                I2C2_ER_IRQHandler
                0x00000000000003d0                DMA1_Channel2_IRQHandler
                0x00000000000003d0                CAN1_SCE_IRQHandler
                0x00000000000003d0                FLASH_IRQHandler
                0x00000000000003d0                USBFSWakeUp_IRQHandler
                0x00000000000003d0                USART1_IRQHandler
                0x00000000000003d0                I2C1_ER_IRQHandler
                0x00000000000003d0                USBWakeUp_IRQHandler
 .text.handle_reset
                0x00000000000003d2       0x86 ./Startup/startup_ch32v20x_D6.o
                0x00000000000003d2                handle_reset
 .text.GPIO_Init
                0x0000000000000458       0xf2 ./Peripheral/src/ch32v20x_gpio.o
                0x0000000000000458                GPIO_Init
 .text.RCC_GetClocksFreq
                0x000000000000054a       0xbe ./Peripheral/src/ch32v20x_rcc.o
                0x000000000000054a                RCC_GetClocksFreq
 .text.RCC_APB2PeriphClockCmd
                0x0000000000000608       0x1e ./Peripheral/src/ch32v20x_rcc.o
                0x0000000000000608                RCC_APB2PeriphClockCmd
 .text.SPI_Init
                0x0000000000000626       0x3e ./Peripheral/src/ch32v20x_spi.o
                0x0000000000000626                SPI_Init
 .text.SPI_Cmd  0x0000000000000664       0x1a ./Peripheral/src/ch32v20x_spi.o
                0x0000000000000664                SPI_Cmd
 .text.SPI_I2S_SendData
                0x000000000000067e        0x4 ./Peripheral/src/ch32v20x_spi.o
                0x000000000000067e                SPI_I2S_SendData
 .text.SPI_I2S_GetFlagStatus
                0x0000000000000682        0xa ./Peripheral/src/ch32v20x_spi.o
                0x0000000000000682                SPI_I2S_GetFlagStatus
 .text.USART_Init
                0x000000000000068c       0x8c ./Peripheral/src/ch32v20x_usart.o
                0x000000000000068c                USART_Init
 .text.USART_Cmd
                0x0000000000000718       0x16 ./Peripheral/src/ch32v20x_usart.o
                0x0000000000000718                USART_Cmd
 .text.USART_SendData
                0x000000000000072e        0x8 ./Peripheral/src/ch32v20x_usart.o
                0x000000000000072e                USART_SendData
 .text.USART_GetFlagStatus
                0x0000000000000736        0xa ./Peripheral/src/ch32v20x_usart.o
                0x0000000000000736                USART_GetFlagStatus
 .text.LCD_1IN47_SendCommand
                0x0000000000000740       0x18 ./LCD/lcd.o
 .text.LCD_1IN47_SendData_8Bit
                0x0000000000000758       0x12 ./LCD/lcd.o
 .text.LCD_1IN47_SendData_16Bit
                0x000000000000076a       0x2a ./LCD/lcd.o
 .text.LCD_GPIOInit
                0x0000000000000794       0x6a ./LCD/lcd.o
                0x0000000000000794                LCD_GPIOInit
 .text.Color_Interpolate
                0x00000000000007fe       0xbc ./LCD/lcd.o
                0x00000000000007fe                Color_Interpolate
 .text.LCD_1IN47_Init
                0x00000000000008ba      0x1be ./LCD/lcd.o
                0x00000000000008ba                LCD_1IN47_Init
 .text.LCD_1IN47_SetWindows
                0x0000000000000a78       0xce ./LCD/lcd.o
                0x0000000000000a78                LCD_1IN47_SetWindows
 .text.LCD_1IN47_Clear
                0x0000000000000b46       0x48 ./LCD/lcd.o
                0x0000000000000b46                LCD_1IN47_Clear
 .text.Draw_Solid_Heart
                0x0000000000000b8e      0x10e ./LCD/lcd.o
                0x0000000000000b8e                Draw_Solid_Heart
 .text.SPI1_Init
                0x0000000000000c9c       0x96 ./LCD/spi.o
                0x0000000000000c9c                SPI1_Init
 .text.SPI1_Write
                0x0000000000000d32       0x32 ./LCD/spi.o
                0x0000000000000d32                SPI1_Write
 .text.Delay_Init
                0x0000000000000d64       0x2a ./Debug/debug.o
                0x0000000000000d64                Delay_Init
 .text.Delay_Ms
                0x0000000000000d8e       0x36 ./Debug/debug.o
                0x0000000000000d8e                Delay_Ms
 .text.USART_Printf_Init
                0x0000000000000dc4       0x5a ./Debug/debug.o
                0x0000000000000dc4                USART_Printf_Init
 .text._write   0x0000000000000e1e       0x3e ./Debug/debug.o
                0x0000000000000e1e                _write
 .text._sbrk    0x0000000000000e5c       0x26 ./Debug/debug.o
                0x0000000000000e5c                _sbrk
 .text.__muldf3
                0x0000000000000e82      0x4b8 d:/mounriver/mounriver_studio2/resources/app/resources/win32/components/wch/toolchain/risc-v embedded gcc/bin/../lib/gcc/riscv-none-embed/8.2.0/rv32imacxw/ilp32\libgcc.a(muldf3.o)
                0x0000000000000e82                __muldf3
 .text.__subdf3
                0x000000000000133a      0x73e d:/mounriver/mounriver_studio2/resources/app/resources/win32/components/wch/toolchain/risc-v embedded gcc/bin/../lib/gcc/riscv-none-embed/8.2.0/rv32imacxw/ilp32\libgcc.a(subdf3.o)
                0x000000000000133a                __subdf3
 .text.__addsf3
                0x0000000000001a78      0x36a d:/mounriver/mounriver_studio2/resources/app/resources/win32/components/wch/toolchain/risc-v embedded gcc/bin/../lib/gcc/riscv-none-embed/8.2.0/rv32imacxw/ilp32\libgcc.a(addsf3.o)
                0x0000000000001a78                __addsf3
 .text.__divsf3
                0x0000000000001de2      0x2b2 d:/mounriver/mounriver_studio2/resources/app/resources/win32/components/wch/toolchain/risc-v embedded gcc/bin/../lib/gcc/riscv-none-embed/8.2.0/rv32imacxw/ilp32\libgcc.a(divsf3.o)
                0x0000000000001de2                __divsf3
 .text.__lesf2  0x0000000000002094       0x8c d:/mounriver/mounriver_studio2/resources/app/resources/win32/components/wch/toolchain/risc-v embedded gcc/bin/../lib/gcc/riscv-none-embed/8.2.0/rv32imacxw/ilp32\libgcc.a(lesf2.o)
                0x0000000000002094                __ltsf2
                0x0000000000002094                __lesf2
 .text.__mulsf3
                0x0000000000002120      0x294 d:/mounriver/mounriver_studio2/resources/app/resources/win32/components/wch/toolchain/risc-v embedded gcc/bin/../lib/gcc/riscv-none-embed/8.2.0/rv32imacxw/ilp32\libgcc.a(mulsf3.o)
                0x0000000000002120                __mulsf3
 .text.__subsf3
                0x00000000000023b4      0x388 d:/mounriver/mounriver_studio2/resources/app/resources/win32/components/wch/toolchain/risc-v embedded gcc/bin/../lib/gcc/riscv-none-embed/8.2.0/rv32imacxw/ilp32\libgcc.a(subsf3.o)
                0x00000000000023b4                __subsf3
 .text.__fixunssfsi
                0x000000000000273c       0x56 d:/mounriver/mounriver_studio2/resources/app/resources/win32/components/wch/toolchain/risc-v embedded gcc/bin/../lib/gcc/riscv-none-embed/8.2.0/rv32imacxw/ilp32\libgcc.a(fixunssfsi.o)
                0x000000000000273c                __fixunssfsi
 .text.__floatsisf
                0x0000000000002792       0xc6 d:/mounriver/mounriver_studio2/resources/app/resources/win32/components/wch/toolchain/risc-v embedded gcc/bin/../lib/gcc/riscv-none-embed/8.2.0/rv32imacxw/ilp32\libgcc.a(floatsisf.o)
                0x0000000000002792                __floatsisf
 .text.__extendsfdf2
                0x0000000000002858       0xac d:/mounriver/mounriver_studio2/resources/app/resources/win32/components/wch/toolchain/risc-v embedded gcc/bin/../lib/gcc/riscv-none-embed/8.2.0/rv32imacxw/ilp32\libgcc.a(extendsfdf2.o)
                0x0000000000002858                __extendsfdf2
 .text.__truncdfsf2
                0x0000000000002904      0x16a d:/mounriver/mounriver_studio2/resources/app/resources/win32/components/wch/toolchain/risc-v embedded gcc/bin/../lib/gcc/riscv-none-embed/8.2.0/rv32imacxw/ilp32\libgcc.a(truncdfsf2.o)
                0x0000000000002904                __truncdfsf2
 .text.__clzsi2
                0x0000000000002a6e       0x6e d:/mounriver/mounriver_studio2/resources/app/resources/win32/components/wch/toolchain/risc-v embedded gcc/bin/../lib/gcc/riscv-none-embed/8.2.0/rv32imacxw/ilp32\libgcc.a(_clzsi2.o)
                0x0000000000002a6e                __clzsi2
 .text.printf   0x0000000000002adc       0x3e d:/mounriver/mounriver_studio2/resources/app/resources/win32/components/wch/toolchain/risc-v embedded gcc/bin/../lib/gcc/riscv-none-embed/8.2.0/../../../../riscv-none-embed/lib/rv32imacxw/ilp32\libg_nano.a(lib_a-printf.o)
                0x0000000000002adc                iprintf
                0x0000000000002adc                printf
 .text.std      0x0000000000002b1a       0x66 d:/mounriver/mounriver_studio2/resources/app/resources/win32/components/wch/toolchain/risc-v embedded gcc/bin/../lib/gcc/riscv-none-embed/8.2.0/../../../../riscv-none-embed/lib/rv32imacxw/ilp32\libg_nano.a(lib_a-findfp.o)
 .text._cleanup_r
                0x0000000000002b80        0xa d:/mounriver/mounriver_studio2/resources/app/resources/win32/components/wch/toolchain/risc-v embedded gcc/bin/../lib/gcc/riscv-none-embed/8.2.0/../../../../riscv-none-embed/lib/rv32imacxw/ilp32\libg_nano.a(lib_a-findfp.o)
                0x0000000000002b80                _cleanup_r
 .text.__sfmoreglue
                0x0000000000002b8a       0x46 d:/mounriver/mounriver_studio2/resources/app/resources/win32/components/wch/toolchain/risc-v embedded gcc/bin/../lib/gcc/riscv-none-embed/8.2.0/../../../../riscv-none-embed/lib/rv32imacxw/ilp32\libg_nano.a(lib_a-findfp.o)
                0x0000000000002b8a                __sfmoreglue
 .text.__sinit  0x0000000000002bd0       0x66 d:/mounriver/mounriver_studio2/resources/app/resources/win32/components/wch/toolchain/risc-v embedded gcc/bin/../lib/gcc/riscv-none-embed/8.2.0/../../../../riscv-none-embed/lib/rv32imacxw/ilp32\libg_nano.a(lib_a-findfp.o)
                0x0000000000002bd0                __sinit
 .text.__sfp    0x0000000000002c36       0x9c d:/mounriver/mounriver_studio2/resources/app/resources/win32/components/wch/toolchain/risc-v embedded gcc/bin/../lib/gcc/riscv-none-embed/8.2.0/../../../../riscv-none-embed/lib/rv32imacxw/ilp32\libg_nano.a(lib_a-findfp.o)
                0x0000000000002c36                __sfp
 .text._fwalk_reent
                0x0000000000002cd2       0x6a d:/mounriver/mounriver_studio2/resources/app/resources/win32/components/wch/toolchain/risc-v embedded gcc/bin/../lib/gcc/riscv-none-embed/8.2.0/../../../../riscv-none-embed/lib/rv32imacxw/ilp32\libg_nano.a(lib_a-fwalk.o)
                0x0000000000002cd2                _fwalk_reent
 .text._free_r  0x0000000000002d3c       0xa8 d:/mounriver/mounriver_studio2/resources/app/resources/win32/components/wch/toolchain/risc-v embedded gcc/bin/../lib/gcc/riscv-none-embed/8.2.0/../../../../riscv-none-embed/lib/rv32imacxw/ilp32\libg_nano.a(lib_a-nano-freer.o)
                0x0000000000002d3c                _free_r
 .text._malloc_r
                0x0000000000002de4       0xd4 d:/mounriver/mounriver_studio2/resources/app/resources/win32/components/wch/toolchain/risc-v embedded gcc/bin/../lib/gcc/riscv-none-embed/8.2.0/../../../../riscv-none-embed/lib/rv32imacxw/ilp32\libg_nano.a(lib_a-nano-mallocr.o)
                0x0000000000002de4                _malloc_r
 .text.__sfputc_r
                0x0000000000002eb8       0x26 d:/mounriver/mounriver_studio2/resources/app/resources/win32/components/wch/toolchain/risc-v embedded gcc/bin/../lib/gcc/riscv-none-embed/8.2.0/../../../../riscv-none-embed/lib/rv32imacxw/ilp32\libg_nano.a(lib_a-nano-vfprintf.o)
 .text.__sfputs_r
                0x0000000000002ede       0x40 d:/mounriver/mounriver_studio2/resources/app/resources/win32/components/wch/toolchain/risc-v embedded gcc/bin/../lib/gcc/riscv-none-embed/8.2.0/../../../../riscv-none-embed/lib/rv32imacxw/ilp32\libg_nano.a(lib_a-nano-vfprintf.o)
                0x0000000000002ede                __sfputs_r
 .text._vfprintf_r
                0x0000000000002f1e      0x28a d:/mounriver/mounriver_studio2/resources/app/resources/win32/components/wch/toolchain/risc-v embedded gcc/bin/../lib/gcc/riscv-none-embed/8.2.0/../../../../riscv-none-embed/lib/rv32imacxw/ilp32\libg_nano.a(lib_a-nano-vfprintf.o)
                0x0000000000002f1e                _vfprintf_r
                0x0000000000002f1e                _vfiprintf_r
 .text._printf_common
                0x00000000000031a8      0x10c d:/mounriver/mounriver_studio2/resources/app/resources/win32/components/wch/toolchain/risc-v embedded gcc/bin/../lib/gcc/riscv-none-embed/8.2.0/../../../../riscv-none-embed/lib/rv32imacxw/ilp32\libg_nano.a(lib_a-nano-vfprintf_i.o)
                0x00000000000031a8                _printf_common
 .text._printf_i
                0x00000000000032b4      0x2a0 d:/mounriver/mounriver_studio2/resources/app/resources/win32/components/wch/toolchain/risc-v embedded gcc/bin/../lib/gcc/riscv-none-embed/8.2.0/../../../../riscv-none-embed/lib/rv32imacxw/ilp32\libg_nano.a(lib_a-nano-vfprintf_i.o)
                0x00000000000032b4                _printf_i
 .text._sbrk_r  0x0000000000003554       0x2a d:/mounriver/mounriver_studio2/resources/app/resources/win32/components/wch/toolchain/risc-v embedded gcc/bin/../lib/gcc/riscv-none-embed/8.2.0/../../../../riscv-none-embed/lib/rv32imacxw/ilp32\libg_nano.a(lib_a-sbrkr.o)
                0x0000000000003554                _sbrk_r
 .text.__sread  0x000000000000357e       0x2c d:/mounriver/mounriver_studio2/resources/app/resources/win32/components/wch/toolchain/risc-v embedded gcc/bin/../lib/gcc/riscv-none-embed/8.2.0/../../../../riscv-none-embed/lib/rv32imacxw/ilp32\libg_nano.a(lib_a-stdio.o)
                0x000000000000357e                __sread
 .text.__swrite
                0x00000000000035aa       0x48 d:/mounriver/mounriver_studio2/resources/app/resources/win32/components/wch/toolchain/risc-v embedded gcc/bin/../lib/gcc/riscv-none-embed/8.2.0/../../../../riscv-none-embed/lib/rv32imacxw/ilp32\libg_nano.a(lib_a-stdio.o)
                0x00000000000035aa                __swrite
 .text.__sseek  0x00000000000035f2       0x30 d:/mounriver/mounriver_studio2/resources/app/resources/win32/components/wch/toolchain/risc-v embedded gcc/bin/../lib/gcc/riscv-none-embed/8.2.0/../../../../riscv-none-embed/lib/rv32imacxw/ilp32\libg_nano.a(lib_a-stdio.o)
                0x00000000000035f2                __sseek
 .text.__sclose
                0x0000000000003622        0x6 d:/mounriver/mounriver_studio2/resources/app/resources/win32/components/wch/toolchain/risc-v embedded gcc/bin/../lib/gcc/riscv-none-embed/8.2.0/../../../../riscv-none-embed/lib/rv32imacxw/ilp32\libg_nano.a(lib_a-stdio.o)
                0x0000000000003622                __sclose
 .text.__swbuf_r
                0x0000000000003628       0xbe d:/mounriver/mounriver_studio2/resources/app/resources/win32/components/wch/toolchain/risc-v embedded gcc/bin/../lib/gcc/riscv-none-embed/8.2.0/../../../../riscv-none-embed/lib/rv32imacxw/ilp32\libg_nano.a(lib_a-wbuf.o)
                0x0000000000003628                __swbuf_r
 .text._write_r
                0x00000000000036e6       0x2e d:/mounriver/mounriver_studio2/resources/app/resources/win32/components/wch/toolchain/risc-v embedded gcc/bin/../lib/gcc/riscv-none-embed/8.2.0/../../../../riscv-none-embed/lib/rv32imacxw/ilp32\libg_nano.a(lib_a-writer.o)
                0x00000000000036e6                _write_r
 .text.__swsetup_r
                0x0000000000003714      0x100 d:/mounriver/mounriver_studio2/resources/app/resources/win32/components/wch/toolchain/risc-v embedded gcc/bin/../lib/gcc/riscv-none-embed/8.2.0/../../../../riscv-none-embed/lib/rv32imacxw/ilp32\libg_nano.a(lib_a-wsetup.o)
                0x0000000000003714                __swsetup_r
 .text._close_r
                0x0000000000003814       0x28 d:/mounriver/mounriver_studio2/resources/app/resources/win32/components/wch/toolchain/risc-v embedded gcc/bin/../lib/gcc/riscv-none-embed/8.2.0/../../../../riscv-none-embed/lib/rv32imacxw/ilp32\libg_nano.a(lib_a-closer.o)
                0x0000000000003814                _close_r
 .text.__sflush_r
                0x000000000000383c      0x132 d:/mounriver/mounriver_studio2/resources/app/resources/win32/components/wch/toolchain/risc-v embedded gcc/bin/../lib/gcc/riscv-none-embed/8.2.0/../../../../riscv-none-embed/lib/rv32imacxw/ilp32\libg_nano.a(lib_a-fflush.o)
                0x000000000000383c                __sflush_r
 .text._fflush_r
                0x000000000000396e       0x66 d:/mounriver/mounriver_studio2/resources/app/resources/win32/components/wch/toolchain/risc-v embedded gcc/bin/../lib/gcc/riscv-none-embed/8.2.0/../../../../riscv-none-embed/lib/rv32imacxw/ilp32\libg_nano.a(lib_a-fflush.o)
                0x000000000000396e                _fflush_r
 .text._lseek_r
                0x00000000000039d4       0x2c d:/mounriver/mounriver_studio2/resources/app/resources/win32/components/wch/toolchain/risc-v embedded gcc/bin/../lib/gcc/riscv-none-embed/8.2.0/../../../../riscv-none-embed/lib/rv32imacxw/ilp32\libg_nano.a(lib_a-lseekr.o)
                0x00000000000039d4                _lseek_r
 .text.__swhatbuf_r
                0x0000000000003a00       0x56 d:/mounriver/mounriver_studio2/resources/app/resources/win32/components/wch/toolchain/risc-v embedded gcc/bin/../lib/gcc/riscv-none-embed/8.2.0/../../../../riscv-none-embed/lib/rv32imacxw/ilp32\libg_nano.a(lib_a-makebuf.o)
                0x0000000000003a00                __swhatbuf_r
 .text.__smakebuf_r
                0x0000000000003a56       0x90 d:/mounriver/mounriver_studio2/resources/app/resources/win32/components/wch/toolchain/risc-v embedded gcc/bin/../lib/gcc/riscv-none-embed/8.2.0/../../../../riscv-none-embed/lib/rv32imacxw/ilp32\libg_nano.a(lib_a-makebuf.o)
                0x0000000000003a56                __smakebuf_r
 .text.memchr   0x0000000000003ae6       0x18 d:/mounriver/mounriver_studio2/resources/app/resources/win32/components/wch/toolchain/risc-v embedded gcc/bin/../lib/gcc/riscv-none-embed/8.2.0/../../../../riscv-none-embed/lib/rv32imacxw/ilp32\libg_nano.a(lib_a-memchr.o)
                0x0000000000003ae6                memchr
 .text.__malloc_lock
                0x0000000000003afe        0x2 d:/mounriver/mounriver_studio2/resources/app/resources/win32/components/wch/toolchain/risc-v embedded gcc/bin/../lib/gcc/riscv-none-embed/8.2.0/../../../../riscv-none-embed/lib/rv32imacxw/ilp32\libg_nano.a(lib_a-mlock.o)
                0x0000000000003afe                __malloc_lock
 .text.__malloc_unlock
                0x0000000000003b00        0x2 d:/mounriver/mounriver_studio2/resources/app/resources/win32/components/wch/toolchain/risc-v embedded gcc/bin/../lib/gcc/riscv-none-embed/8.2.0/../../../../riscv-none-embed/lib/rv32imacxw/ilp32\libg_nano.a(lib_a-mlock.o)
                0x0000000000003b00                __malloc_unlock
 .text._read_r  0x0000000000003b02       0x2c d:/mounriver/mounriver_studio2/resources/app/resources/win32/components/wch/toolchain/risc-v embedded gcc/bin/../lib/gcc/riscv-none-embed/8.2.0/../../../../riscv-none-embed/lib/rv32imacxw/ilp32\libg_nano.a(lib_a-readr.o)
                0x0000000000003b02                _read_r
 .text._fstat_r
                0x0000000000003b2e       0x2a d:/mounriver/mounriver_studio2/resources/app/resources/win32/components/wch/toolchain/risc-v embedded gcc/bin/../lib/gcc/riscv-none-embed/8.2.0/../../../../riscv-none-embed/lib/rv32imacxw/ilp32\libg_nano.a(lib_a-fstatr.o)
                0x0000000000003b2e                _fstat_r
 .text._isatty_r
                0x0000000000003b58       0x28 d:/mounriver/mounriver_studio2/resources/app/resources/win32/components/wch/toolchain/risc-v embedded gcc/bin/../lib/gcc/riscv-none-embed/8.2.0/../../../../riscv-none-embed/lib/rv32imacxw/ilp32\libg_nano.a(lib_a-isattyr.o)
                0x0000000000003b58                _isatty_r
 .text._close   0x0000000000003b80        0xc d:/mounriver/mounriver_studio2/resources/app/resources/win32/components/wch/toolchain/risc-v embedded gcc/bin/../lib/gcc/riscv-none-embed/8.2.0/../../../../riscv-none-embed/lib/rv32imacxw/ilp32\libnosys.a(close.o)
                0x0000000000003b80                _close
 .text._fstat   0x0000000000003b8c        0xc d:/mounriver/mounriver_studio2/resources/app/resources/win32/components/wch/toolchain/risc-v embedded gcc/bin/../lib/gcc/riscv-none-embed/8.2.0/../../../../riscv-none-embed/lib/rv32imacxw/ilp32\libnosys.a(fstat.o)
                0x0000000000003b8c                _fstat
 .text._isatty  0x0000000000003b98        0xc d:/mounriver/mounriver_studio2/resources/app/resources/win32/components/wch/toolchain/risc-v embedded gcc/bin/../lib/gcc/riscv-none-embed/8.2.0/../../../../riscv-none-embed/lib/rv32imacxw/ilp32\libnosys.a(isatty.o)
                0x0000000000003b98                _isatty
 .text._lseek   0x0000000000003ba4        0xc d:/mounriver/mounriver_studio2/resources/app/resources/win32/components/wch/toolchain/risc-v embedded gcc/bin/../lib/gcc/riscv-none-embed/8.2.0/../../../../riscv-none-embed/lib/rv32imacxw/ilp32\libnosys.a(lseek.o)
                0x0000000000003ba4                _lseek
 .text._read    0x0000000000003bb0        0xc d:/mounriver/mounriver_studio2/resources/app/resources/win32/components/wch/toolchain/risc-v embedded gcc/bin/../lib/gcc/riscv-none-embed/8.2.0/../../../../riscv-none-embed/lib/rv32imacxw/ilp32\libnosys.a(read.o)
                0x0000000000003bb0                _read
 *(.rodata)
 *(.rodata*)
 *fill*         0x0000000000003bbc        0x0 
 .rodata.main.str1.4
                0x0000000000003bbc        0xf ./User/main.o
 *fill*         0x0000000000003bcb        0x1 
 .rodata.Color_Interpolate.cst4
                0x0000000000003bcc        0x4 ./LCD/lcd.o
 .rodata.Draw_Solid_Heart.cst4
                0x0000000000003bd0        0x8 ./LCD/lcd.o
 .rodata.__muldf3
                0x0000000000003bd8       0x40 d:/mounriver/mounriver_studio2/resources/app/resources/win32/components/wch/toolchain/risc-v embedded gcc/bin/../lib/gcc/riscv-none-embed/8.2.0/rv32imacxw/ilp32\libgcc.a(muldf3.o)
 .rodata.__divsf3
                0x0000000000003c18       0x80 d:/mounriver/mounriver_studio2/resources/app/resources/win32/components/wch/toolchain/risc-v embedded gcc/bin/../lib/gcc/riscv-none-embed/8.2.0/rv32imacxw/ilp32\libgcc.a(divsf3.o)
 .rodata.__mulsf3
                0x0000000000003c98       0x40 d:/mounriver/mounriver_studio2/resources/app/resources/win32/components/wch/toolchain/risc-v embedded gcc/bin/../lib/gcc/riscv-none-embed/8.2.0/rv32imacxw/ilp32\libgcc.a(mulsf3.o)
 .rodata.__clz_tab
                0x0000000000003cd8      0x100 d:/mounriver/mounriver_studio2/resources/app/resources/win32/components/wch/toolchain/risc-v embedded gcc/bin/../lib/gcc/riscv-none-embed/8.2.0/rv32imacxw/ilp32\libgcc.a(_clz.o)
                0x0000000000003cd8                __clz_tab
 .rodata.__sf_fake_stderr
                0x0000000000003dd8       0x20 d:/mounriver/mounriver_studio2/resources/app/resources/win32/components/wch/toolchain/risc-v embedded gcc/bin/../lib/gcc/riscv-none-embed/8.2.0/../../../../riscv-none-embed/lib/rv32imacxw/ilp32\libg_nano.a(lib_a-findfp.o)
                0x0000000000003dd8                __sf_fake_stderr
 .rodata.__sf_fake_stdin
                0x0000000000003df8       0x20 d:/mounriver/mounriver_studio2/resources/app/resources/win32/components/wch/toolchain/risc-v embedded gcc/bin/../lib/gcc/riscv-none-embed/8.2.0/../../../../riscv-none-embed/lib/rv32imacxw/ilp32\libg_nano.a(lib_a-findfp.o)
                0x0000000000003df8                __sf_fake_stdin
 .rodata.__sf_fake_stdout
                0x0000000000003e18       0x20 d:/mounriver/mounriver_studio2/resources/app/resources/win32/components/wch/toolchain/risc-v embedded gcc/bin/../lib/gcc/riscv-none-embed/8.2.0/../../../../riscv-none-embed/lib/rv32imacxw/ilp32\libg_nano.a(lib_a-findfp.o)
                0x0000000000003e18                __sf_fake_stdout
 .rodata._vfprintf_r.str1.4
                0x0000000000003e38       0x13 d:/mounriver/mounriver_studio2/resources/app/resources/win32/components/wch/toolchain/risc-v embedded gcc/bin/../lib/gcc/riscv-none-embed/8.2.0/../../../../riscv-none-embed/lib/rv32imacxw/ilp32\libg_nano.a(lib_a-nano-vfprintf.o)
 *fill*         0x0000000000003e4b        0x1 
 .rodata._printf_i.str1.4
                0x0000000000003e4c       0x28 d:/mounriver/mounriver_studio2/resources/app/resources/win32/components/wch/toolchain/risc-v embedded gcc/bin/../lib/gcc/riscv-none-embed/8.2.0/../../../../riscv-none-embed/lib/rv32imacxw/ilp32\libg_nano.a(lib_a-nano-vfprintf_i.o)
                                         0x25 (size before relaxing)
 *(.gnu.linkonce.t.*)
                0x0000000000003e74                . = ALIGN (0x4)

.rela.dyn       0x0000000000003e74        0x0
 .rela.init     0x0000000000003e74        0x0 ./User/ch32v20x_it.o
 .rela.vector   0x0000000000003e74        0x0 ./User/ch32v20x_it.o
 .rela.text.handle_reset
                0x0000000000003e74        0x0 ./User/ch32v20x_it.o
 .rela.text._sbrk
                0x0000000000003e74        0x0 ./User/ch32v20x_it.o
 .rela.sdata.curbrk.4672
                0x0000000000003e74        0x0 ./User/ch32v20x_it.o
 .rela.text._vfprintf_r
                0x0000000000003e74        0x0 ./User/ch32v20x_it.o
 .rela.text._sbrk_r
                0x0000000000003e74        0x0 ./User/ch32v20x_it.o
 .rela.text._write_r
                0x0000000000003e74        0x0 ./User/ch32v20x_it.o
 .rela.text._close_r
                0x0000000000003e74        0x0 ./User/ch32v20x_it.o
 .rela.text._lseek_r
                0x0000000000003e74        0x0 ./User/ch32v20x_it.o
 .rela.text._read_r
                0x0000000000003e74        0x0 ./User/ch32v20x_it.o
 .rela.text._fstat_r
                0x0000000000003e74        0x0 ./User/ch32v20x_it.o
 .rela.text._isatty_r
                0x0000000000003e74        0x0 ./User/ch32v20x_it.o
 .rela.text._close
                0x0000000000003e74        0x0 ./User/ch32v20x_it.o
 .rela.text._fstat
                0x0000000000003e74        0x0 ./User/ch32v20x_it.o
 .rela.text._isatty
                0x0000000000003e74        0x0 ./User/ch32v20x_it.o
 .rela.text._lseek
                0x0000000000003e74        0x0 ./User/ch32v20x_it.o
 .rela.text._read
                0x0000000000003e74        0x0 ./User/ch32v20x_it.o

.fini           0x0000000000003e74        0x0
 *(SORT_NONE(.fini))
                0x0000000000003e74                . = ALIGN (0x4)
                [!provide]                        PROVIDE (_etext = .)
                [!provide]                        PROVIDE (_eitcm = .)

.preinit_array  0x0000000000003e74        0x0
                [!provide]                        PROVIDE (__preinit_array_start = .)
 *(.preinit_array)
                [!provide]                        PROVIDE (__preinit_array_end = .)

.init_array     0x0000000000003e74        0x0
                [!provide]                        PROVIDE (__init_array_start = .)
 *(SORT_BY_INIT_PRIORITY(.init_array.*) SORT_BY_INIT_PRIORITY(.ctors.*))
 *(.init_array EXCLUDE_FILE(*crtend?.o *crtend.o *crtbegin?.o *crtbegin.o) .ctors)
                [!provide]                        PROVIDE (__init_array_end = .)

.fini_array     0x0000000000003e74        0x0
                [!provide]                        PROVIDE (__fini_array_start = .)
 *(SORT_BY_INIT_PRIORITY(.fini_array.*) SORT_BY_INIT_PRIORITY(.dtors.*))
 *(.fini_array EXCLUDE_FILE(*crtend?.o *crtend.o *crtbegin?.o *crtbegin.o) .dtors)
                [!provide]                        PROVIDE (__fini_array_end = .)

.ctors
 *crtbegin.o(.ctors)
 *crtbegin?.o(.ctors)
 *(EXCLUDE_FILE(*crtend?.o *crtend.o) .ctors)
 *(SORT_BY_NAME(.ctors.*))
 *(.ctors)

.dtors
 *crtbegin.o(.dtors)
 *crtbegin?.o(.dtors)
 *(EXCLUDE_FILE(*crtend?.o *crtend.o) .dtors)
 *(SORT_BY_NAME(.dtors.*))
 *(.dtors)

.dalign         0x0000000020000000        0x0 load address 0x0000000000003e74
                0x0000000020000000                . = ALIGN (0x4)
                0x0000000020000000                PROVIDE (_data_vma = .)

.dlalign        0x0000000000003e74        0x0
                0x0000000000003e74                . = ALIGN (0x4)
                0x0000000000003e74                PROVIDE (_data_lma = .)

.data           0x0000000020000000       0x98 load address 0x0000000000003e74
 *(.gnu.linkonce.r.*)
 *(.data .data.*)
 .data.AHBPrescTable
                0x0000000020000000       0x10 ./User/system_ch32v20x.o
                0x0000000020000000                AHBPrescTable
 .data.APBAHBPrescTable
                0x0000000020000010       0x10 ./Peripheral/src/ch32v20x_rcc.o
 .data.impure_data
                0x0000000020000020       0x60 d:/mounriver/mounriver_studio2/resources/app/resources/win32/components/wch/toolchain/risc-v embedded gcc/bin/../lib/gcc/riscv-none-embed/8.2.0/../../../../riscv-none-embed/lib/rv32imacxw/ilp32\libg_nano.a(lib_a-impure.o)
 *(.gnu.linkonce.d.*)
                0x0000000020000080                . = ALIGN (0x8)
                0x0000000020000880                PROVIDE (__global_pointer$ = (. + 0x800))
 *(.sdata .sdata.*)
 .sdata.SystemCoreClock
                0x0000000020000080        0x4 ./User/system_ch32v20x.o
                0x0000000020000080                SystemCoreClock
 .sdata.ADCPrescTable
                0x0000000020000084        0x4 ./Peripheral/src/ch32v20x_rcc.o
 .sdata.curbrk.4672
                0x0000000020000088        0x4 ./Debug/debug.o
 .sdata._impure_ptr
                0x000000002000008c        0x4 d:/mounriver/mounriver_studio2/resources/app/resources/win32/components/wch/toolchain/risc-v embedded gcc/bin/../lib/gcc/riscv-none-embed/8.2.0/../../../../riscv-none-embed/lib/rv32imacxw/ilp32\libg_nano.a(lib_a-impure.o)
                0x000000002000008c                _impure_ptr
 *(.sdata2.*)
 .sdata2._global_impure_ptr
                0x0000000020000090        0x4 d:/mounriver/mounriver_studio2/resources/app/resources/win32/components/wch/toolchain/risc-v embedded gcc/bin/../lib/gcc/riscv-none-embed/8.2.0/../../../../riscv-none-embed/lib/rv32imacxw/ilp32\libg_nano.a(lib_a-impure.o)
                0x0000000020000090                _global_impure_ptr
 *(.gnu.linkonce.s.*)
                0x0000000020000098                . = ALIGN (0x8)
 *fill*         0x0000000020000094        0x4 
 *(.srodata.cst16)
 *(.srodata.cst8)
 *(.srodata.cst4)
 *(.srodata.cst2)
 *(.srodata .srodata.*)
                0x0000000020000098                . = ALIGN (0x4)
                0x0000000020000098                PROVIDE (_edata = .)

.bss            0x0000000020000098       0x1c load address 0x0000000000003f0c
                0x0000000020000098                . = ALIGN (0x4)
                0x0000000020000098                PROVIDE (_sbss = .)
 *(.sbss*)
 .sbss.MCU_Version
                0x0000000020000098        0x1 ./Peripheral/src/ch32v20x_gpio.o
                0x0000000020000098                MCU_Version
 *fill*         0x0000000020000099        0x3 
 .sbss.LCD_1IN47
                0x000000002000009c        0x6 ./LCD/lcd.o
                0x000000002000009c                LCD_1IN47
 .sbss.p_ms     0x00000000200000a2        0x2 ./Debug/debug.o
 .sbss.p_us     0x00000000200000a4        0x1 ./Debug/debug.o
 *fill*         0x00000000200000a5        0x3 
 .sbss.__malloc_free_list
                0x00000000200000a8        0x4 d:/mounriver/mounriver_studio2/resources/app/resources/win32/components/wch/toolchain/risc-v embedded gcc/bin/../lib/gcc/riscv-none-embed/8.2.0/../../../../riscv-none-embed/lib/rv32imacxw/ilp32\libg_nano.a(lib_a-nano-mallocr.o)
                0x00000000200000a8                __malloc_free_list
 .sbss.__malloc_sbrk_start
                0x00000000200000ac        0x4 d:/mounriver/mounriver_studio2/resources/app/resources/win32/components/wch/toolchain/risc-v embedded gcc/bin/../lib/gcc/riscv-none-embed/8.2.0/../../../../riscv-none-embed/lib/rv32imacxw/ilp32\libg_nano.a(lib_a-nano-mallocr.o)
                0x00000000200000ac                __malloc_sbrk_start
 *(.gnu.linkonce.sb.*)
 *(.bss*)
 *(.gnu.linkonce.b.*)
 *(COMMON*)
 COMMON         0x00000000200000b0        0x4 d:/mounriver/mounriver_studio2/resources/app/resources/win32/components/wch/toolchain/risc-v embedded gcc/bin/../lib/gcc/riscv-none-embed/8.2.0/../../../../riscv-none-embed/lib/rv32imacxw/ilp32\libg_nano.a(lib_a-reent.o)
                0x00000000200000b0                errno
                0x00000000200000b4                . = ALIGN (0x4)
                0x00000000200000b4                PROVIDE (_ebss = .)
                0x00000000200000b4                PROVIDE (_end = _ebss)
                [!provide]                        PROVIDE (end = .)

.stack          0x0000000020004800      0x800
                0x0000000020004800                PROVIDE (_heap_end = .)
                0x0000000020004800                . = ALIGN (0x4)
                [!provide]                        PROVIDE (_susrstack = .)
                0x0000000020005000                . = (. + __stack_size)
 *fill*         0x0000000020004800      0x800 
                0x0000000020005000                PROVIDE (_eusrstack = .)
OUTPUT(SPI_LCD.elf elf32-littleriscv)

.debug_info     0x0000000000000000     0xda46
 .debug_info    0x0000000000000000      0xbc0 ./User/ch32v20x_it.o
 .debug_info    0x0000000000000bc0      0xaa1 ./User/main.o
 .debug_info    0x0000000000001661      0xb89 ./User/system_ch32v20x.o
 .debug_info    0x00000000000021ea       0x22 ./Startup/startup_ch32v20x_D6.o
 .debug_info    0x000000000000220c     0x1354 ./Peripheral/src/ch32v20x_gpio.o
 .debug_info    0x0000000000003560     0x1273 ./Peripheral/src/ch32v20x_rcc.o
 .debug_info    0x00000000000047d3     0x12c1 ./Peripheral/src/ch32v20x_spi.o
 .debug_info    0x0000000000005a94     0x1340 ./Peripheral/src/ch32v20x_usart.o
 .debug_info    0x0000000000006dd4     0x497c ./LCD/lcd.o
 .debug_info    0x000000000000b750     0x13c9 ./LCD/spi.o
 .debug_info    0x000000000000cb19      0xf2d ./Debug/debug.o

.debug_abbrev   0x0000000000000000     0x2008
 .debug_abbrev  0x0000000000000000      0x22c ./User/ch32v20x_it.o
 .debug_abbrev  0x000000000000022c      0x20a ./User/main.o
 .debug_abbrev  0x0000000000000436      0x2c0 ./User/system_ch32v20x.o
 .debug_abbrev  0x00000000000006f6       0x12 ./Startup/startup_ch32v20x_D6.o
 .debug_abbrev  0x0000000000000708      0x34b ./Peripheral/src/ch32v20x_gpio.o
 .debug_abbrev  0x0000000000000a53      0x36b ./Peripheral/src/ch32v20x_rcc.o
 .debug_abbrev  0x0000000000000dbe      0x307 ./Peripheral/src/ch32v20x_spi.o
 .debug_abbrev  0x00000000000010c5      0x312 ./Peripheral/src/ch32v20x_usart.o
 .debug_abbrev  0x00000000000013d7      0x688 ./LCD/lcd.o
 .debug_abbrev  0x0000000000001a5f      0x2c7 ./LCD/spi.o
 .debug_abbrev  0x0000000000001d26      0x2e2 ./Debug/debug.o

.debug_aranges  0x0000000000000000      0x678
 .debug_aranges
                0x0000000000000000       0x28 ./User/ch32v20x_it.o
 .debug_aranges
                0x0000000000000028       0x20 ./User/main.o
 .debug_aranges
                0x0000000000000048       0x28 ./User/system_ch32v20x.o
 .debug_aranges
                0x0000000000000070       0x30 ./Startup/startup_ch32v20x_D6.o
 .debug_aranges
                0x00000000000000a0       0xb0 ./Peripheral/src/ch32v20x_gpio.o
 .debug_aranges
                0x0000000000000150      0x130 ./Peripheral/src/ch32v20x_rcc.o
 .debug_aranges
                0x0000000000000280       0xd0 ./Peripheral/src/ch32v20x_spi.o
 .debug_aranges
                0x0000000000000350       0xf0 ./Peripheral/src/ch32v20x_usart.o
 .debug_aranges
                0x0000000000000440      0x190 ./LCD/lcd.o
 .debug_aranges
                0x00000000000005d0       0x58 ./LCD/spi.o
 .debug_aranges
                0x0000000000000628       0x50 ./Debug/debug.o

.debug_ranges   0x0000000000000000      0xa18
 .debug_ranges  0x0000000000000000       0x18 ./User/ch32v20x_it.o
 .debug_ranges  0x0000000000000018       0x10 ./User/main.o
 .debug_ranges  0x0000000000000028       0x38 ./User/system_ch32v20x.o
 .debug_ranges  0x0000000000000060       0x28 ./Startup/startup_ch32v20x_D6.o
 .debug_ranges  0x0000000000000088       0xa0 ./Peripheral/src/ch32v20x_gpio.o
 .debug_ranges  0x0000000000000128      0x120 ./Peripheral/src/ch32v20x_rcc.o
 .debug_ranges  0x0000000000000248       0xc0 ./Peripheral/src/ch32v20x_spi.o
 .debug_ranges  0x0000000000000308       0xe0 ./Peripheral/src/ch32v20x_usart.o
 .debug_ranges  0x00000000000003e8      0x5a8 ./LCD/lcd.o
 .debug_ranges  0x0000000000000990       0x48 ./LCD/spi.o
 .debug_ranges  0x00000000000009d8       0x40 ./Debug/debug.o

.debug_line     0x0000000000000000     0x9e99
 .debug_line    0x0000000000000000      0x32e ./User/ch32v20x_it.o
 .debug_line    0x000000000000032e      0x3eb ./User/main.o
 .debug_line    0x0000000000000719      0x734 ./User/system_ch32v20x.o
 .debug_line    0x0000000000000e4d      0x14f ./Startup/startup_ch32v20x_D6.o
 .debug_line    0x0000000000000f9c     0x16c0 ./Peripheral/src/ch32v20x_gpio.o
 .debug_line    0x000000000000265c     0x1248 ./Peripheral/src/ch32v20x_rcc.o
 .debug_line    0x00000000000038a4      0xdbc ./Peripheral/src/ch32v20x_spi.o
 .debug_line    0x0000000000004660      0xf2b ./Peripheral/src/ch32v20x_usart.o
 .debug_line    0x000000000000558b     0x342d ./LCD/lcd.o
 .debug_line    0x00000000000089b8      0xced ./LCD/spi.o
 .debug_line    0x00000000000096a5      0x7f4 ./Debug/debug.o

.debug_str      0x0000000000000000     0x205f
 .debug_str     0x0000000000000000      0x628 ./User/ch32v20x_it.o
                                        0x696 (size before relaxing)
 .debug_str     0x0000000000000628       0xc8 ./User/main.o
                                        0x676 (size before relaxing)
 .debug_str     0x00000000000006f0       0xf6 ./User/system_ch32v20x.o
                                        0x6de (size before relaxing)
 .debug_str     0x00000000000007e6       0x5b ./Startup/startup_ch32v20x_D6.o
                                         0x98 (size before relaxing)
 .debug_str     0x0000000000000841      0x438 ./Peripheral/src/ch32v20x_gpio.o
                                        0x9fb (size before relaxing)
 .debug_str     0x0000000000000c79      0x405 ./Peripheral/src/ch32v20x_rcc.o
                                        0xb0d (size before relaxing)
 .debug_str     0x000000000000107e      0x3b4 ./Peripheral/src/ch32v20x_spi.o
                                        0xace (size before relaxing)
 .debug_str     0x0000000000001432      0x40a ./Peripheral/src/ch32v20x_usart.o
                                        0xb29 (size before relaxing)
 .debug_str     0x000000000000183c      0x5e3 ./LCD/lcd.o
                                        0xeab (size before relaxing)
 .debug_str     0x0000000000001e1f      0x181 ./LCD/spi.o
                                        0xaa6 (size before relaxing)
 .debug_str     0x0000000000001fa0       0xbf ./Debug/debug.o
                                        0x950 (size before relaxing)

.comment        0x0000000000000000       0x33
 .comment       0x0000000000000000       0x33 ./User/ch32v20x_it.o
                                         0x34 (size before relaxing)
 .comment       0x0000000000000033       0x34 ./User/main.o
 .comment       0x0000000000000033       0x34 ./User/system_ch32v20x.o
 .comment       0x0000000000000033       0x34 ./Peripheral/src/ch32v20x_gpio.o
 .comment       0x0000000000000033       0x34 ./Peripheral/src/ch32v20x_rcc.o
 .comment       0x0000000000000033       0x34 ./Peripheral/src/ch32v20x_spi.o
 .comment       0x0000000000000033       0x34 ./Peripheral/src/ch32v20x_usart.o
 .comment       0x0000000000000033       0x34 ./LCD/lcd.o
 .comment       0x0000000000000033       0x34 ./LCD/spi.o
 .comment       0x0000000000000033       0x34 ./Debug/debug.o

.debug_frame    0x0000000000000000     0x1d18
 .debug_frame   0x0000000000000000       0x30 ./User/ch32v20x_it.o
 .debug_frame   0x0000000000000030       0x28 ./User/main.o
 .debug_frame   0x0000000000000058       0x3c ./User/system_ch32v20x.o
 .debug_frame   0x0000000000000094      0x170 ./Peripheral/src/ch32v20x_gpio.o
 .debug_frame   0x0000000000000204      0x254 ./Peripheral/src/ch32v20x_rcc.o
 .debug_frame   0x0000000000000458      0x1a8 ./Peripheral/src/ch32v20x_spi.o
 .debug_frame   0x0000000000000600      0x1e4 ./Peripheral/src/ch32v20x_usart.o
 .debug_frame   0x00000000000007e4      0x7d0 ./LCD/lcd.o
 .debug_frame   0x0000000000000fb4      0x148 ./LCD/spi.o
 .debug_frame   0x00000000000010fc       0xb8 ./Debug/debug.o
 .debug_frame   0x00000000000011b4       0x54 d:/mounriver/mounriver_studio2/resources/app/resources/win32/components/wch/toolchain/risc-v embedded gcc/bin/../lib/gcc/riscv-none-embed/8.2.0/rv32imacxw/ilp32\libgcc.a(muldf3.o)
 .debug_frame   0x0000000000001208       0x44 d:/mounriver/mounriver_studio2/resources/app/resources/win32/components/wch/toolchain/risc-v embedded gcc/bin/../lib/gcc/riscv-none-embed/8.2.0/rv32imacxw/ilp32\libgcc.a(subdf3.o)
 .debug_frame   0x000000000000124c       0x40 d:/mounriver/mounriver_studio2/resources/app/resources/win32/components/wch/toolchain/risc-v embedded gcc/bin/../lib/gcc/riscv-none-embed/8.2.0/rv32imacxw/ilp32\libgcc.a(addsf3.o)
 .debug_frame   0x000000000000128c       0x50 d:/mounriver/mounriver_studio2/resources/app/resources/win32/components/wch/toolchain/risc-v embedded gcc/bin/../lib/gcc/riscv-none-embed/8.2.0/rv32imacxw/ilp32\libgcc.a(divsf3.o)
 .debug_frame   0x00000000000012dc       0x20 d:/mounriver/mounriver_studio2/resources/app/resources/win32/components/wch/toolchain/risc-v embedded gcc/bin/../lib/gcc/riscv-none-embed/8.2.0/rv32imacxw/ilp32\libgcc.a(lesf2.o)
 .debug_frame   0x00000000000012fc       0x50 d:/mounriver/mounriver_studio2/resources/app/resources/win32/components/wch/toolchain/risc-v embedded gcc/bin/../lib/gcc/riscv-none-embed/8.2.0/rv32imacxw/ilp32\libgcc.a(mulsf3.o)
 .debug_frame   0x000000000000134c       0x3c d:/mounriver/mounriver_studio2/resources/app/resources/win32/components/wch/toolchain/risc-v embedded gcc/bin/../lib/gcc/riscv-none-embed/8.2.0/rv32imacxw/ilp32\libgcc.a(subsf3.o)
 .debug_frame   0x0000000000001388       0x20 d:/mounriver/mounriver_studio2/resources/app/resources/win32/components/wch/toolchain/risc-v embedded gcc/bin/../lib/gcc/riscv-none-embed/8.2.0/rv32imacxw/ilp32\libgcc.a(fixunssfsi.o)
 .debug_frame   0x00000000000013a8       0x38 d:/mounriver/mounriver_studio2/resources/app/resources/win32/components/wch/toolchain/risc-v embedded gcc/bin/../lib/gcc/riscv-none-embed/8.2.0/rv32imacxw/ilp32\libgcc.a(floatsisf.o)
 .debug_frame   0x00000000000013e0       0x38 d:/mounriver/mounriver_studio2/resources/app/resources/win32/components/wch/toolchain/risc-v embedded gcc/bin/../lib/gcc/riscv-none-embed/8.2.0/rv32imacxw/ilp32\libgcc.a(extendsfdf2.o)
 .debug_frame   0x0000000000001418       0x20 d:/mounriver/mounriver_studio2/resources/app/resources/win32/components/wch/toolchain/risc-v embedded gcc/bin/../lib/gcc/riscv-none-embed/8.2.0/rv32imacxw/ilp32\libgcc.a(truncdfsf2.o)
 .debug_frame   0x0000000000001438       0x20 d:/mounriver/mounriver_studio2/resources/app/resources/win32/components/wch/toolchain/risc-v embedded gcc/bin/../lib/gcc/riscv-none-embed/8.2.0/rv32imacxw/ilp32\libgcc.a(_clzsi2.o)
 .debug_frame   0x0000000000001458       0x54 d:/mounriver/mounriver_studio2/resources/app/resources/win32/components/wch/toolchain/risc-v embedded gcc/bin/../lib/gcc/riscv-none-embed/8.2.0/../../../../riscv-none-embed/lib/rv32imacxw/ilp32\libg_nano.a(lib_a-printf.o)
 .debug_frame   0x00000000000014ac      0x148 d:/mounriver/mounriver_studio2/resources/app/resources/win32/components/wch/toolchain/risc-v embedded gcc/bin/../lib/gcc/riscv-none-embed/8.2.0/../../../../riscv-none-embed/lib/rv32imacxw/ilp32\libg_nano.a(lib_a-findfp.o)
 .debug_frame   0x00000000000015f4       0x88 d:/mounriver/mounriver_studio2/resources/app/resources/win32/components/wch/toolchain/risc-v embedded gcc/bin/../lib/gcc/riscv-none-embed/8.2.0/../../../../riscv-none-embed/lib/rv32imacxw/ilp32\libg_nano.a(lib_a-fwalk.o)
 .debug_frame   0x000000000000167c       0x40 d:/mounriver/mounriver_studio2/resources/app/resources/win32/components/wch/toolchain/risc-v embedded gcc/bin/../lib/gcc/riscv-none-embed/8.2.0/../../../../riscv-none-embed/lib/rv32imacxw/ilp32\libg_nano.a(lib_a-nano-freer.o)
 .debug_frame   0x00000000000016bc       0x40 d:/mounriver/mounriver_studio2/resources/app/resources/win32/components/wch/toolchain/risc-v embedded gcc/bin/../lib/gcc/riscv-none-embed/8.2.0/../../../../riscv-none-embed/lib/rv32imacxw/ilp32\libg_nano.a(lib_a-nano-mallocr.o)
 .debug_frame   0x00000000000016fc       0xd0 d:/mounriver/mounriver_studio2/resources/app/resources/win32/components/wch/toolchain/risc-v embedded gcc/bin/../lib/gcc/riscv-none-embed/8.2.0/../../../../riscv-none-embed/lib/rv32imacxw/ilp32\libg_nano.a(lib_a-nano-vfprintf.o)
 .debug_frame   0x00000000000017cc       0x8c d:/mounriver/mounriver_studio2/resources/app/resources/win32/components/wch/toolchain/risc-v embedded gcc/bin/../lib/gcc/riscv-none-embed/8.2.0/../../../../riscv-none-embed/lib/rv32imacxw/ilp32\libg_nano.a(lib_a-nano-vfprintf_i.o)
 .debug_frame   0x0000000000001858       0x30 d:/mounriver/mounriver_studio2/resources/app/resources/win32/components/wch/toolchain/risc-v embedded gcc/bin/../lib/gcc/riscv-none-embed/8.2.0/../../../../riscv-none-embed/lib/rv32imacxw/ilp32\libg_nano.a(lib_a-sbrkr.o)
 .debug_frame   0x0000000000001888       0xa4 d:/mounriver/mounriver_studio2/resources/app/resources/win32/components/wch/toolchain/risc-v embedded gcc/bin/../lib/gcc/riscv-none-embed/8.2.0/../../../../riscv-none-embed/lib/rv32imacxw/ilp32\libg_nano.a(lib_a-stdio.o)
 .debug_frame   0x000000000000192c       0x50 d:/mounriver/mounriver_studio2/resources/app/resources/win32/components/wch/toolchain/risc-v embedded gcc/bin/../lib/gcc/riscv-none-embed/8.2.0/../../../../riscv-none-embed/lib/rv32imacxw/ilp32\libg_nano.a(lib_a-wbuf.o)
 .debug_frame   0x000000000000197c       0x30 d:/mounriver/mounriver_studio2/resources/app/resources/win32/components/wch/toolchain/risc-v embedded gcc/bin/../lib/gcc/riscv-none-embed/8.2.0/../../../../riscv-none-embed/lib/rv32imacxw/ilp32\libg_nano.a(lib_a-writer.o)
 .debug_frame   0x00000000000019ac       0x3c d:/mounriver/mounriver_studio2/resources/app/resources/win32/components/wch/toolchain/risc-v embedded gcc/bin/../lib/gcc/riscv-none-embed/8.2.0/../../../../riscv-none-embed/lib/rv32imacxw/ilp32\libg_nano.a(lib_a-wsetup.o)
 .debug_frame   0x00000000000019e8       0x30 d:/mounriver/mounriver_studio2/resources/app/resources/win32/components/wch/toolchain/risc-v embedded gcc/bin/../lib/gcc/riscv-none-embed/8.2.0/../../../../riscv-none-embed/lib/rv32imacxw/ilp32\libg_nano.a(lib_a-closer.o)
 .debug_frame   0x0000000000001a18       0x7c d:/mounriver/mounriver_studio2/resources/app/resources/win32/components/wch/toolchain/risc-v embedded gcc/bin/../lib/gcc/riscv-none-embed/8.2.0/../../../../riscv-none-embed/lib/rv32imacxw/ilp32\libg_nano.a(lib_a-fflush.o)
 .debug_frame   0x0000000000001a94       0x30 d:/mounriver/mounriver_studio2/resources/app/resources/win32/components/wch/toolchain/risc-v embedded gcc/bin/../lib/gcc/riscv-none-embed/8.2.0/../../../../riscv-none-embed/lib/rv32imacxw/ilp32\libg_nano.a(lib_a-lseekr.o)
 .debug_frame   0x0000000000001ac4       0x64 d:/mounriver/mounriver_studio2/resources/app/resources/win32/components/wch/toolchain/risc-v embedded gcc/bin/../lib/gcc/riscv-none-embed/8.2.0/../../../../riscv-none-embed/lib/rv32imacxw/ilp32\libg_nano.a(lib_a-makebuf.o)
 .debug_frame   0x0000000000001b28       0x20 d:/mounriver/mounriver_studio2/resources/app/resources/win32/components/wch/toolchain/risc-v embedded gcc/bin/../lib/gcc/riscv-none-embed/8.2.0/../../../../riscv-none-embed/lib/rv32imacxw/ilp32\libg_nano.a(lib_a-memchr.o)
 .debug_frame   0x0000000000001b48       0x30 d:/mounriver/mounriver_studio2/resources/app/resources/win32/components/wch/toolchain/risc-v embedded gcc/bin/../lib/gcc/riscv-none-embed/8.2.0/../../../../riscv-none-embed/lib/rv32imacxw/ilp32\libg_nano.a(lib_a-mlock.o)
 .debug_frame   0x0000000000001b78       0x30 d:/mounriver/mounriver_studio2/resources/app/resources/win32/components/wch/toolchain/risc-v embedded gcc/bin/../lib/gcc/riscv-none-embed/8.2.0/../../../../riscv-none-embed/lib/rv32imacxw/ilp32\libg_nano.a(lib_a-readr.o)
 .debug_frame   0x0000000000001ba8       0x70 d:/mounriver/mounriver_studio2/resources/app/resources/win32/components/wch/toolchain/risc-v embedded gcc/bin/../lib/gcc/riscv-none-embed/8.2.0/../../../../riscv-none-embed/lib/rv32imacxw/ilp32\libg_nano.a(lib_a-reent.o)
 .debug_frame   0x0000000000001c18       0x30 d:/mounriver/mounriver_studio2/resources/app/resources/win32/components/wch/toolchain/risc-v embedded gcc/bin/../lib/gcc/riscv-none-embed/8.2.0/../../../../riscv-none-embed/lib/rv32imacxw/ilp32\libg_nano.a(lib_a-fstatr.o)
 .debug_frame   0x0000000000001c48       0x30 d:/mounriver/mounriver_studio2/resources/app/resources/win32/components/wch/toolchain/risc-v embedded gcc/bin/../lib/gcc/riscv-none-embed/8.2.0/../../../../riscv-none-embed/lib/rv32imacxw/ilp32\libg_nano.a(lib_a-isattyr.o)
 .debug_frame   0x0000000000001c78       0x20 d:/mounriver/mounriver_studio2/resources/app/resources/win32/components/wch/toolchain/risc-v embedded gcc/bin/../lib/gcc/riscv-none-embed/8.2.0/../../../../riscv-none-embed/lib/rv32imacxw/ilp32\libnosys.a(close.o)
 .debug_frame   0x0000000000001c98       0x20 d:/mounriver/mounriver_studio2/resources/app/resources/win32/components/wch/toolchain/risc-v embedded gcc/bin/../lib/gcc/riscv-none-embed/8.2.0/../../../../riscv-none-embed/lib/rv32imacxw/ilp32\libnosys.a(fstat.o)
 .debug_frame   0x0000000000001cb8       0x20 d:/mounriver/mounriver_studio2/resources/app/resources/win32/components/wch/toolchain/risc-v embedded gcc/bin/../lib/gcc/riscv-none-embed/8.2.0/../../../../riscv-none-embed/lib/rv32imacxw/ilp32\libnosys.a(isatty.o)
 .debug_frame   0x0000000000001cd8       0x20 d:/mounriver/mounriver_studio2/resources/app/resources/win32/components/wch/toolchain/risc-v embedded gcc/bin/../lib/gcc/riscv-none-embed/8.2.0/../../../../riscv-none-embed/lib/rv32imacxw/ilp32\libnosys.a(lseek.o)
 .debug_frame   0x0000000000001cf8       0x20 d:/mounriver/mounriver_studio2/resources/app/resources/win32/components/wch/toolchain/risc-v embedded gcc/bin/../lib/gcc/riscv-none-embed/8.2.0/../../../../riscv-none-embed/lib/rv32imacxw/ilp32\libnosys.a(read.o)

.debug_loc      0x0000000000000000     0x4857
 .debug_loc     0x0000000000000000       0xac ./User/system_ch32v20x.o
 .debug_loc     0x00000000000000ac      0x8a1 ./Peripheral/src/ch32v20x_gpio.o
 .debug_loc     0x000000000000094d      0x797 ./Peripheral/src/ch32v20x_rcc.o
 .debug_loc     0x00000000000010e4      0x57f ./Peripheral/src/ch32v20x_spi.o
 .debug_loc     0x0000000000001663      0x715 ./Peripheral/src/ch32v20x_usart.o
 .debug_loc     0x0000000000001d78     0x28a8 ./LCD/lcd.o
 .debug_loc     0x0000000000004620       0xc0 ./LCD/spi.o
 .debug_loc     0x00000000000046e0      0x177 ./Debug/debug.o

.stab           0x0000000000000000       0x84
 .stab          0x0000000000000000       0x24 d:/mounriver/mounriver_studio2/resources/app/resources/win32/components/wch/toolchain/risc-v embedded gcc/bin/../lib/gcc/riscv-none-embed/8.2.0/../../../../riscv-none-embed/lib/rv32imacxw/ilp32\libnosys.a(close.o)
 .stab          0x0000000000000024       0x18 d:/mounriver/mounriver_studio2/resources/app/resources/win32/components/wch/toolchain/risc-v embedded gcc/bin/../lib/gcc/riscv-none-embed/8.2.0/../../../../riscv-none-embed/lib/rv32imacxw/ilp32\libnosys.a(fstat.o)
                                         0x24 (size before relaxing)
 .stab          0x000000000000003c       0x18 d:/mounriver/mounriver_studio2/resources/app/resources/win32/components/wch/toolchain/risc-v embedded gcc/bin/../lib/gcc/riscv-none-embed/8.2.0/../../../../riscv-none-embed/lib/rv32imacxw/ilp32\libnosys.a(isatty.o)
                                         0x24 (size before relaxing)
 .stab          0x0000000000000054       0x18 d:/mounriver/mounriver_studio2/resources/app/resources/win32/components/wch/toolchain/risc-v embedded gcc/bin/../lib/gcc/riscv-none-embed/8.2.0/../../../../riscv-none-embed/lib/rv32imacxw/ilp32\libnosys.a(lseek.o)
                                         0x24 (size before relaxing)
 .stab          0x000000000000006c       0x18 d:/mounriver/mounriver_studio2/resources/app/resources/win32/components/wch/toolchain/risc-v embedded gcc/bin/../lib/gcc/riscv-none-embed/8.2.0/../../../../riscv-none-embed/lib/rv32imacxw/ilp32\libnosys.a(read.o)
                                         0x24 (size before relaxing)

.stabstr        0x0000000000000000      0x117
 .stabstr       0x0000000000000000      0x117 d:/mounriver/mounriver_studio2/resources/app/resources/win32/components/wch/toolchain/risc-v embedded gcc/bin/../lib/gcc/riscv-none-embed/8.2.0/../../../../riscv-none-embed/lib/rv32imacxw/ilp32\libnosys.a(close.o)
